// Jest Snapshot v1, https://goo.gl/fbAQLP

exports[`CoreModule getMetaReducers returns an Array of meta reducers 1`] = `
Array [
  [Function],
]
`;

exports[`CoreModule getReducers returns the reducers 1`] = `
Object {
  "router": [Function],
}
`;
