// Jest Snapshot v1, https://goo.gl/fbAQLP

exports[`App reset AppReset builds the correct action 1`] = `
AppReset {
  "type": "[Application] Reset State",
}
`;
